CCS PCM C Compiler, Version 5.007, 61971               14-Mar-21 13:10

               Filename:   C:\Users\canbe\OneDrive\Masaüstü\PIC_Programming_CCS(C)\Led_Blinking\PIC_C_Compiler\Led_Bilinking.lst

               ROM used:   60 words (1%)
                           Largest free fragment is 2048
               RAM used:   6 (2%) at main() level
                           7 (2%) worst case
               Stack used: 0 locations
               Stack size: 8

*
0000:  MOVLW  00
0001:  MOVWF  0A
0002:  GOTO   018
0003:  NOP
.................... /****************************************************************************** 
.................... *Project Name: Led Blinking                                                   * 
.................... *                                                                             * 
.................... *Program's Aim: To apply led blinking with Pic 16F877A                        * 
.................... *Engineer: Canberk SAHIN                                                      * 
.................... *Project Microcontroller: PIC 16F877A                                         * 
.................... *Version: V1                                                                  * 
.................... *Create Date: 08.03.2021                                                      * 
.................... *Update Date: 14.03.2021                                                      * 
.................... *University: Bursa Technical University                                       * 
.................... *Revision: -                                                                  * 
.................... ******************************************************************************/ 
.................... #include <Led_Bilinking.h> 
.................... #include <16F877A.h> 
.................... //////// Standard Header file for the PIC16F877A device //////////////// 
.................... #device PIC16F877A 
....................  
.................... #list 
....................  
.................... #device ADC=16 
....................  
.................... #FUSES NOWDT                 	//No Watch Dog Timer 
.................... #FUSES NOBROWNOUT            	//No brownout reset 
.................... #FUSES NOLVP                 	//No low voltage prgming, B3(PIC16) or B5(PIC18) used for I/O 
....................  
.................... #use delay(crystal=20000000) 
0004:  MOVLW  22
0005:  MOVWF  04
0006:  BCF    03.7
0007:  MOVF   00,W
0008:  BTFSC  03.2
0009:  GOTO   017
000A:  MOVLW  06
000B:  MOVWF  78
000C:  CLRF   77
000D:  DECFSZ 77,F
000E:  GOTO   00D
000F:  DECFSZ 78,F
0010:  GOTO   00C
0011:  MOVLW  7B
0012:  MOVWF  77
0013:  DECFSZ 77,F
0014:  GOTO   013
0015:  DECFSZ 00,F
0016:  GOTO   00A
0017:  RETURN
....................  
....................  
....................  
.................... void main() 
0018:  BSF    03.5
0019:  BSF    1F.0
001A:  BSF    1F.1
001B:  BSF    1F.2
001C:  BCF    1F.3
001D:  MOVLW  07
001E:  MOVWF  1C
001F:  BCF    03.7
0020:  MOVLW  1F
0021:  ANDWF  03,F
.................... { 
....................    set_tris_b(0x00); /*Not standart in C func: set_tris_b(0b00000000)  
0022:  MOVLW  00
0023:  MOVWF  06
....................    PIC's port b all pin is set as output 
....................    */ 
....................     
....................    while(TRUE) 
....................    { 
....................       output_high(pin_b0);  //Turn on led 
0024:  BCF    06.0
0025:  BCF    03.5
0026:  BSF    06.0
....................       delay_ms(500);  //Half a second delay 
0027:  MOVLW  02
0028:  MOVWF  21
0029:  MOVLW  FA
002A:  MOVWF  22
002B:  CALL   004
002C:  DECFSZ 21,F
002D:  GOTO   029
....................       output_low(pin_b0);  //Turn off led 
002E:  BSF    03.5
002F:  BCF    06.0
0030:  BCF    03.5
0031:  BCF    06.0
....................       delay_ms(500);  //Half a second delay 
0032:  MOVLW  02
0033:  MOVWF  21
0034:  MOVLW  FA
0035:  MOVWF  22
0036:  CALL   004
0037:  DECFSZ 21,F
0038:  GOTO   034
0039:  BSF    03.5
003A:  GOTO   024
....................    } 
....................  
.................... } 
003B:  SLEEP

Configuration Fuses:
   Word  1: 3F32   HS NOWDT PUT NOBROWNOUT NOLVP NOCPD NOWRT NODEBUG NOPROTECT
